// Jest Snapshot v1, https://goo.gl/fbAQLP

exports[`render should render ok with least props passed 1`] = `
<button
  aria-label="Refresh data"
  class="makeStyles-button-3"
  data-testid="refetch-data"
>
  <svg
    aria-hidden="true"
    class="MuiSvgIcon-root"
    focusable="false"
    tabindex="-1"
    viewBox="0 0 24 24"
  >
    <path
      d="M17.65 6.35C16.2 4.9 14.21 4 12 4c-4.42 0-7.99 3.58-7.99 8s3.57 8 7.99 8c3.73 0 6.84-2.55 7.73-6h-2.08c-.82 2.33-3.04 4-5.65 4-3.31 0-6-2.69-6-6s2.69-6 6-6c1.66 0 3.14.69 4.22 1.78L13 11h7V4l-2.35 2.35z"
    />
  </svg>
</button>
`;
