// Jest Snapshot v1, https://goo.gl/fbAQLP

exports[`<WidgetTrend/> should render successfully 1`] = `
<div
  className="MuiPaper-root makeStyles-paper-1 MuiPaper-outlined MuiPaper-rounded"
>
  <h6
    className="MuiTypography-root makeStyles-title-2 MuiTypography-subtitle2 MuiTypography-gutterBottom"
  >
    Untitled
  </h6>
  <h5
    className="MuiTypography-root MuiTypography-h5 MuiTypography-gutterBottom"
  >
    N/A
  </h5>
  <p
    className="MuiTypography-root MuiTypography-body1"
  >
    <svg
      aria-hidden="true"
      className="MuiSvgIcon-root"
      focusable="false"
      style={
        Object {
          "color": "green",
        }
      }
      viewBox="0 0 24 24"
    >
      <path
        d="M16.85 17.15l1.44-1.44-4.88-4.88-3.29 3.29c-.39.39-1.02.39-1.41 0l-6-6.01a.9959.9959 0 010-1.41c.39-.39 1.02-.39 1.41 0L9.41 12l3.29-3.29c.39-.39 1.02-.39 1.41 0l5.59 5.58 1.44-1.44c.31-.31.85-.09.85.35v4.29c0 .28-.22.5-.5.5H17.2c-.44.01-.66-.53-.35-.84z"
      />
    </svg>
    N/A
    % decrease from yesterday
  </p>
</div>
`;
